from concurrent.futures import ThreadPoolExecutor
from unity_modules.map import Map
from unity_modules.path_planner import PathPlanner
from unity_modules.tools import *
from config.logger_config import setup_logger
from config.meta_manager import MetaManager
from API.request import UnityRequest

logger = setup_logger('World')


class WorldState:
    def __init__(self, map_data: Dict, unity_request):
        self.town_map = Map(map_data)
        self.unity_request: UnityRequest = unity_request
        self.meta_manager = MetaManager()
        self.path_planner = PathPlanner(self.town_map)
        self.global_time = self.meta_manager.get_start_datetime()
        self.thread_pool = ThreadPoolExecutor(max_workers=10)